ARM Linker, 5.03 [Build 76] [MDK-ARM Lite]

==============================================================================

Section Cross References

    startup_tm4c123.o(RESET) refers to startup_tm4c123.o(STACK) for __initial_sp
    startup_tm4c123.o(RESET) refers to startup_tm4c123.o(.text) for Reset_Handler
    startup_tm4c123.o(RESET) refers to main.o(.text) for GPIOD_Handler
    startup_tm4c123.o(.text) refers to entry.o(.ARM.Collect$$$$00000000) for __main
    main.o(.text) refers to tiva.o(.text) for System_Init
    main.o(.text) refers to buzzer.o(.text) for buzzer_Init
    main.o(.text) refers to keypad.o(.text) for keypad_Init
    main.o(.text) refers to lcd.o(.text) for LCD_Init
    main.o(.text) refers to led.o(.text) for LED_Init
    main.o(.text) refers to switch.o(.text) for SW1_Init
    main.o(.text) refers to interrupt.o(.text) for interrupt_Init
    main.o(.text) refers to microwave.o(.text) for cook_Popcorn
    microwave.o(.text) refers to lcd.o(.text) for LCD_Array
    microwave.o(.text) refers to timer.o(.text) for Systick_Wait_ms
    microwave.o(.text) refers to getc.o(i.getc) for getc
    microwave.o(.text) refers to switch.o(.text) for SW1_Input
    microwave.o(.text) refers to keypad.o(.text) for KeyScan
    microwave.o(.text) refers to dflti.o(.text) for __aeabi_i2d
    microwave.o(.text) refers to dmul.o(.text) for __aeabi_dmul
    microwave.o(.text) refers to dfixi.o(.text) for __aeabi_d2iz
    microwave.o(.text) refers to dadd.o(.text) for __aeabi_drsub
    microwave.o(.text) refers to stdin.o(.data) for __stdin
    microwave.o(.text) refers to microwave.o(.data) for No_kiloes
    lcd.o(.text) refers to timer.o(.text) for Systick_Wait_1ms
    lcd.o(.text) refers to strlen.o(.text) for strlen
    keypad.o(.text) refers to keypad.o(.data) for symbol
    entry.o(.ARM.Collect$$$$00000000) refers (Special) to entry10a.o(.ARM.Collect$$$$0000000D) for __rt_final_cpp
    entry.o(.ARM.Collect$$$$00000000) refers (Special) to entry11a.o(.ARM.Collect$$$$0000000F) for __rt_final_exit
    entry.o(.ARM.Collect$$$$00000000) refers (Special) to entry7b.o(.ARM.Collect$$$$00000008) for _main_clock
    entry.o(.ARM.Collect$$$$00000000) refers (Special) to entry8b.o(.ARM.Collect$$$$0000000A) for _main_cpp_init
    entry.o(.ARM.Collect$$$$00000000) refers (Special) to entry9a.o(.ARM.Collect$$$$0000000B) for _main_init
    entry.o(.ARM.Collect$$$$00000000) refers (Special) to entry5.o(.ARM.Collect$$$$00000004) for _main_scatterload
    entry.o(.ARM.Collect$$$$00000000) refers (Special) to entry2.o(.ARM.Collect$$$$00000001) for _main_stk
    getc.o(i.getc) refers to fgetc.o(.text) for fgetc
    dadd.o(.text) refers (Special) to iusefp.o(.text) for __I$use$fp
    dadd.o(.text) refers to llshl.o(.text) for __aeabi_llsl
    dadd.o(.text) refers to llsshr.o(.text) for __aeabi_lasr
    dadd.o(.text) refers to depilogue.o(.text) for _double_epilogue
    dmul.o(.text) refers (Special) to iusefp.o(.text) for __I$use$fp
    dmul.o(.text) refers to depilogue.o(.text) for _double_epilogue
    dflti.o(.text) refers (Special) to iusefp.o(.text) for __I$use$fp
    dflti.o(.text) refers to depilogue.o(.text) for _double_epilogue
    dfixi.o(.text) refers (Special) to iusefp.o(.text) for __I$use$fp
    dfixi.o(.text) refers to llushr.o(.text) for __aeabi_llsr
    entry2.o(.ARM.Collect$$$$00000001) refers to entry2.o(.ARM.Collect$$$$00002712) for __lit__00000000
    entry2.o(.ARM.Collect$$$$00002712) refers to startup_tm4c123.o(STACK) for __initial_sp
    entry2.o(__vectab_stack_and_reset_area) refers to startup_tm4c123.o(STACK) for __initial_sp
    entry2.o(__vectab_stack_and_reset_area) refers to entry.o(.ARM.Collect$$$$00000000) for __main
    entry5.o(.ARM.Collect$$$$00000004) refers to init.o(.text) for __scatterload
    entry9a.o(.ARM.Collect$$$$0000000B) refers to main.o(.text) for main
    entry9b.o(.ARM.Collect$$$$0000000C) refers to main.o(.text) for main
    fgetc.o(.text) refers (Special) to iusesemig.o(.text) for __I$use$semihosting$fgetc
    fgetc.o(.text) refers (Special) to semi.o(.text) for __semihosting_library_function
    fgetc_u.o(.text) refers (Special) to iusesemig.o(.text) for __I$use$semihosting$fgetc
    fgetc_u.o(.text) refers (Special) to semi.o(.text) for __semihosting_library_function
    fgetc_u.o(.text) refers to fgetc_u.o(.data) for .data
    fgetc_u.o(.data) refers (Special) to iusesemig.o(.text) for __I$use$semihosting$fgetc
    fgetc_u.o(.data) refers (Special) to semi.o(.text) for __semihosting_library_function
    fgetc_b.o(.text) refers (Special) to iusesemig.o(.text) for __I$use$semihosting$fgetc
    fgetc_b.o(.text) refers (Special) to semi.o(.text) for __semihosting_library_function
    fgetc_b.o(.text) refers to fgetc_b.o(.data) for .data
    fgetc_b.o(.data) refers (Special) to iusesemig.o(.text) for __I$use$semihosting$fgetc
    fgetc_b.o(.data) refers (Special) to semi.o(.text) for __semihosting_library_function
    fgetc_ub.o(.text) refers (Special) to iusesemig.o(.text) for __I$use$semihosting$fgetc
    fgetc_ub.o(.text) refers (Special) to semi.o(.text) for __semihosting_library_function
    fgetc_ub.o(.text) refers to fgetc_ub.o(.data) for .data
    fgetc_ub.o(.data) refers (Special) to iusesemig.o(.text) for __I$use$semihosting$fgetc
    fgetc_ub.o(.data) refers (Special) to semi.o(.text) for __semihosting_library_function
    depilogue.o(.text) refers to llshl.o(.text) for __aeabi_llsl
    depilogue.o(.text) refers to llushr.o(.text) for __aeabi_llsr
    init.o(.text) refers to entry5.o(.ARM.Collect$$$$00000004) for __main_after_scatterload


==============================================================================

Removing Unused input sections from the image.

    Removing startup_tm4c123.o(HEAP), (0 bytes).
    Removing main.o(.data), (1 bytes).

2 unused section(s) (total 1 bytes) removed from the image.

==============================================================================

Image Symbol Table

    Local Symbols

    Symbol Name                              Value     Ov Type        Size  Object(Section)

    RESET                                    0x00000000   Section      620  startup_tm4c123.o(RESET)
    ../clib/microlib/init/entry.s            0x00000000   Number         0  entry8a.o ABSOLUTE
    ../clib/microlib/init/entry.s            0x00000000   Number         0  entry7b.o ABSOLUTE
    ../clib/microlib/init/entry.s            0x00000000   Number         0  entry8b.o ABSOLUTE
    ../clib/microlib/init/entry.s            0x00000000   Number         0  entry7a.o ABSOLUTE
    ../clib/microlib/init/entry.s            0x00000000   Number         0  entry2.o ABSOLUTE
    ../clib/microlib/init/entry.s            0x00000000   Number         0  entry9a.o ABSOLUTE
    ../clib/microlib/init/entry.s            0x00000000   Number         0  entry5.o ABSOLUTE
    ../clib/microlib/init/entry.s            0x00000000   Number         0  entry9b.o ABSOLUTE
    ../clib/microlib/init/entry.s            0x00000000   Number         0  entry10a.o ABSOLUTE
    ../clib/microlib/init/entry.s            0x00000000   Number         0  entry.o ABSOLUTE
    ../clib/microlib/init/entry.s            0x00000000   Number         0  entry10b.o ABSOLUTE
    ../clib/microlib/init/entry.s            0x00000000   Number         0  entry11a.o ABSOLUTE
    ../clib/microlib/init/entry.s            0x00000000   Number         0  entry11b.o ABSOLUTE
    ../clib/microlib/longlong.c              0x00000000   Number         0  llshl.o ABSOLUTE
    ../clib/microlib/longlong.c              0x00000000   Number         0  llsshr.o ABSOLUTE
    ../clib/microlib/longlong.c              0x00000000   Number         0  llushr.o ABSOLUTE
    ../clib/microlib/stdio/fgetc.c           0x00000000   Number         0  fgetc.o ABSOLUTE
    ../clib/microlib/stdio/fgetc.c           0x00000000   Number         0  fgetc_ub.o ABSOLUTE
    ../clib/microlib/stdio/fgetc.c           0x00000000   Number         0  fgetc_b.o ABSOLUTE
    ../clib/microlib/stdio/fgetc.c           0x00000000   Number         0  fgetc_u.o ABSOLUTE
    ../clib/microlib/stdio/getc.c            0x00000000   Number         0  getc.o ABSOLUTE
    ../clib/microlib/stdio/semi.s            0x00000000   Number         0  semi.o ABSOLUTE
    ../clib/microlib/stdio/streams.c         0x00000000   Number         0  stdin.o ABSOLUTE
    ../clib/microlib/string/strlen.c         0x00000000   Number         0  strlen.o ABSOLUTE
    ../clib/microlib/stubs.s                 0x00000000   Number         0  iusefp.o ABSOLUTE
    ../clib/microlib/stubs.s                 0x00000000   Number         0  iusesemig.o ABSOLUTE
    ../fplib/microlib/fpadd.c                0x00000000   Number         0  dadd.o ABSOLUTE
    ../fplib/microlib/fpepilogue.c           0x00000000   Number         0  depilogue.o ABSOLUTE
    ../fplib/microlib/fpfix.c                0x00000000   Number         0  dfixi.o ABSOLUTE
    ../fplib/microlib/fpflt.c                0x00000000   Number         0  dflti.o ABSOLUTE
    ../fplib/microlib/fpmul.c                0x00000000   Number         0  dmul.o ABSOLUTE
    Buzzer.c                                 0x00000000   Number         0  buzzer.o ABSOLUTE
    Interrupt.c                              0x00000000   Number         0  interrupt.o ABSOLUTE
    Keypad.c                                 0x00000000   Number         0  keypad.o ABSOLUTE
    LCD.c                                    0x00000000   Number         0  lcd.o ABSOLUTE
    LED.c                                    0x00000000   Number         0  led.o ABSOLUTE
    Microwave.c                              0x00000000   Number         0  microwave.o ABSOLUTE
    Switch.c                                 0x00000000   Number         0  switch.o ABSOLUTE
    Timer.c                                  0x00000000   Number         0  timer.o ABSOLUTE
    Tiva.c                                   0x00000000   Number         0  tiva.o ABSOLUTE
    dc.s                                     0x00000000   Number         0  dc.o ABSOLUTE
    handlers.s                               0x00000000   Number         0  handlers.o ABSOLUTE
    init.s                                   0x00000000   Number         0  init.o ABSOLUTE
    main.c                                   0x00000000   Number         0  main.o ABSOLUTE
    startup_TM4C123.s                        0x00000000   Number         0  startup_tm4c123.o ABSOLUTE
    .ARM.Collect$$$$00000000                 0x0000026c   Section        0  entry.o(.ARM.Collect$$$$00000000)
    .ARM.Collect$$$$00000001                 0x0000026c   Section        4  entry2.o(.ARM.Collect$$$$00000001)
    .ARM.Collect$$$$00000004                 0x00000270   Section        4  entry5.o(.ARM.Collect$$$$00000004)
    .ARM.Collect$$$$00000008                 0x00000274   Section        0  entry7b.o(.ARM.Collect$$$$00000008)
    .ARM.Collect$$$$0000000A                 0x00000274   Section        0  entry8b.o(.ARM.Collect$$$$0000000A)
    .ARM.Collect$$$$0000000B                 0x00000274   Section        8  entry9a.o(.ARM.Collect$$$$0000000B)
    .ARM.Collect$$$$0000000D                 0x0000027c   Section        0  entry10a.o(.ARM.Collect$$$$0000000D)
    .ARM.Collect$$$$0000000F                 0x0000027c   Section        0  entry11a.o(.ARM.Collect$$$$0000000F)
    .ARM.Collect$$$$00002712                 0x0000027c   Section        4  entry2.o(.ARM.Collect$$$$00002712)
    __lit__00000000                          0x0000027c   Data           4  entry2.o(.ARM.Collect$$$$00002712)
    .text                                    0x00000280   Section      244  startup_tm4c123.o(.text)
    $v0                                      0x00000280   Number         0  startup_tm4c123.o(.text)
    .text                                    0x00000374   Section        0  main.o(.text)
    .text                                    0x0000044c   Section        0  switch.o(.text)
    .text                                    0x000005a8   Section        0  tiva.o(.text)
    .text                                    0x000005cc   Section        0  microwave.o(.text)
    .text                                    0x000009b8   Section        0  lcd.o(.text)
    .text                                    0x00000b7c   Section        0  keypad.o(.text)
    .text                                    0x00000cb0   Section        0  buzzer.o(.text)
    .text                                    0x00000d34   Section        0  timer.o(.text)
    .text                                    0x00000d78   Section        0  interrupt.o(.text)
    .text                                    0x00000e20   Section        0  led.o(.text)
    .text                                    0x00000f10   Section        0  strlen.o(.text)
    .text                                    0x00000f1e   Section        0  dadd.o(.text)
    .text                                    0x0000106c   Section        0  dmul.o(.text)
    .text                                    0x00001150   Section        0  dflti.o(.text)
    .text                                    0x00001172   Section        0  dfixi.o(.text)
    .text                                    0x000011b0   Section        0  fgetc.o(.text)
    .text                                    0x000011b8   Section        0  llshl.o(.text)
    .text                                    0x000011d6   Section        0  llushr.o(.text)
    .text                                    0x000011f6   Section        0  llsshr.o(.text)
    .text                                    0x0000121a   Section        0  iusefp.o(.text)
    .text                                    0x0000121a   Section        0  depilogue.o(.text)
    .text                                    0x000012d8   Section       36  init.o(.text)
    .text                                    0x000012fc   Section        0  semi.o(.text)
    .text                                    0x000012fc   Section        0  iusesemig.o(.text)
    i.__scatterload_copy                     0x000012fc   Section       14  handlers.o(i.__scatterload_copy)
    i.__scatterload_null                     0x0000130a   Section        2  handlers.o(i.__scatterload_null)
    i.__scatterload_zeroinit                 0x0000130c   Section       14  handlers.o(i.__scatterload_zeroinit)
    i.getc                                   0x0000131a   Section        0  getc.o(i.getc)
    .data                                    0x20000000   Section        1  microwave.o(.data)
    .data                                    0x20000001   Section       16  keypad.o(.data)
    symbol                                   0x20000001   Data          16  keypad.o(.data)
    .data                                    0x20000014   Section        4  stdin.o(.data)
    STACK                                    0x20000018   Section      512  startup_tm4c123.o(STACK)

    Global Symbols

    Symbol Name                              Value     Ov Type        Size  Object(Section)

    BuildAttributes$$THM_ISAv4$E$P$D$K$B$S$7EM$VFPi3$EXTD16$VFPS$VFMA$PE$A:L22UL41UL21$X:L11$S22US41US21$IEEE1$IW$USESV6$~STKCKD$USESV7$~SHL$OSPACE$ROPI$EBA8$MICROLIB$REQ8$PRES8$EABIv2 0x00000000   Number         0  anon$$obj.o ABSOLUTE
    __ARM_use_no_argv                        0x00000000   Number         0  main.o ABSOLUTE
    __Vectors                                0x00000000   Data           4  startup_tm4c123.o(RESET)
    __cpp_initialize__aeabi_                  - Undefined Weak Reference
    __cxa_finalize                            - Undefined Weak Reference
    __decompress                              - Undefined Weak Reference
    _clock_init                               - Undefined Weak Reference
    _microlib_exit                            - Undefined Weak Reference
    __Vectors_End                            0x0000026c   Data           0  startup_tm4c123.o(RESET)
    __Vectors_Size                           0x0000026c   Number         0  startup_tm4c123.o ABSOLUTE
    __main                                   0x0000026d   Thumb Code     0  entry.o(.ARM.Collect$$$$00000000)
    _main_stk                                0x0000026d   Thumb Code     0  entry2.o(.ARM.Collect$$$$00000001)
    _main_scatterload                        0x00000271   Thumb Code     0  entry5.o(.ARM.Collect$$$$00000004)
    __main_after_scatterload                 0x00000275   Thumb Code     0  entry5.o(.ARM.Collect$$$$00000004)
    _main_clock                              0x00000275   Thumb Code     0  entry7b.o(.ARM.Collect$$$$00000008)
    _main_cpp_init                           0x00000275   Thumb Code     0  entry8b.o(.ARM.Collect$$$$0000000A)
    _main_init                               0x00000275   Thumb Code     0  entry9a.o(.ARM.Collect$$$$0000000B)
    __rt_final_cpp                           0x0000027d   Thumb Code     0  entry10a.o(.ARM.Collect$$$$0000000D)
    __rt_final_exit                          0x0000027d   Thumb Code     0  entry11a.o(.ARM.Collect$$$$0000000F)
    Reset_Handler                            0x00000281   Thumb Code     4  startup_tm4c123.o(.text)
    NMI_Handler                              0x00000285   Thumb Code     2  startup_tm4c123.o(.text)
    HardFault_Handler                        0x00000287   Thumb Code     2  startup_tm4c123.o(.text)
    MemManage_Handler                        0x00000289   Thumb Code     2  startup_tm4c123.o(.text)
    BusFault_Handler                         0x0000028b   Thumb Code     2  startup_tm4c123.o(.text)
    UsageFault_Handler                       0x0000028d   Thumb Code     2  startup_tm4c123.o(.text)
    SVC_Handler                              0x0000028f   Thumb Code     2  startup_tm4c123.o(.text)
    DebugMon_Handler                         0x00000291   Thumb Code     2  startup_tm4c123.o(.text)
    PendSV_Handler                           0x00000293   Thumb Code     2  startup_tm4c123.o(.text)
    SysTick_Handler                          0x00000295   Thumb Code     2  startup_tm4c123.o(.text)
    GPIOA_Handler                            0x00000297   Thumb Code     2  startup_tm4c123.o(.text)
    GPIOB_Handler                            0x00000299   Thumb Code     2  startup_tm4c123.o(.text)
    GPIOC_Handler                            0x0000029b   Thumb Code     2  startup_tm4c123.o(.text)
    GPIOE_Handler                            0x0000029f   Thumb Code     2  startup_tm4c123.o(.text)
    UART0_Handler                            0x000002a1   Thumb Code     2  startup_tm4c123.o(.text)
    UART1_Handler                            0x000002a3   Thumb Code     2  startup_tm4c123.o(.text)
    SSI0_Handler                             0x000002a5   Thumb Code     2  startup_tm4c123.o(.text)
    I2C0_Handler                             0x000002a7   Thumb Code     2  startup_tm4c123.o(.text)
    PMW0_FAULT_Handler                       0x000002a9   Thumb Code     2  startup_tm4c123.o(.text)
    PWM0_0_Handler                           0x000002ab   Thumb Code     2  startup_tm4c123.o(.text)
    PWM0_1_Handler                           0x000002ad   Thumb Code     2  startup_tm4c123.o(.text)
    PWM0_2_Handler                           0x000002af   Thumb Code     2  startup_tm4c123.o(.text)
    QEI0_Handler                             0x000002b1   Thumb Code     2  startup_tm4c123.o(.text)
    ADC0SS0_Handler                          0x000002b3   Thumb Code     2  startup_tm4c123.o(.text)
    ADC0SS1_Handler                          0x000002b5   Thumb Code     2  startup_tm4c123.o(.text)
    ADC0SS2_Handler                          0x000002b7   Thumb Code     2  startup_tm4c123.o(.text)
    ADC0SS3_Handler                          0x000002b9   Thumb Code     2  startup_tm4c123.o(.text)
    WDT0_Handler                             0x000002bb   Thumb Code     2  startup_tm4c123.o(.text)
    TIMER0A_Handler                          0x000002bd   Thumb Code     2  startup_tm4c123.o(.text)
    TIMER0B_Handler                          0x000002bf   Thumb Code     2  startup_tm4c123.o(.text)
    TIMER1A_Handler                          0x000002c1   Thumb Code     2  startup_tm4c123.o(.text)
    TIMER1B_Handler                          0x000002c3   Thumb Code     2  startup_tm4c123.o(.text)
    TIMER2A_Handler                          0x000002c5   Thumb Code     2  startup_tm4c123.o(.text)
    TIMER2B_Handler                          0x000002c7   Thumb Code     2  startup_tm4c123.o(.text)
    COMP0_Handler                            0x000002c9   Thumb Code     2  startup_tm4c123.o(.text)
    COMP1_Handler                            0x000002cb   Thumb Code     2  startup_tm4c123.o(.text)
    COMP2_Handler                            0x000002cd   Thumb Code     2  startup_tm4c123.o(.text)
    SYSCTL_Handler                           0x000002cf   Thumb Code     2  startup_tm4c123.o(.text)
    FLASH_Handler                            0x000002d1   Thumb Code     2  startup_tm4c123.o(.text)
    GPIOG_Handler                            0x000002d5   Thumb Code     2  startup_tm4c123.o(.text)
    GPIOH_Handler                            0x000002d7   Thumb Code     2  startup_tm4c123.o(.text)
    UART2_Handler                            0x000002d9   Thumb Code     2  startup_tm4c123.o(.text)
    SSI1_Handler                             0x000002db   Thumb Code     2  startup_tm4c123.o(.text)
    TIMER3A_Handler                          0x000002dd   Thumb Code     2  startup_tm4c123.o(.text)
    TIMER3B_Handler                          0x000002df   Thumb Code     2  startup_tm4c123.o(.text)
    I2C1_Handler                             0x000002e1   Thumb Code     2  startup_tm4c123.o(.text)
    QEI1_Handler                             0x000002e3   Thumb Code     2  startup_tm4c123.o(.text)
    CAN0_Handler                             0x000002e5   Thumb Code     2  startup_tm4c123.o(.text)
    CAN1_Handler                             0x000002e7   Thumb Code     2  startup_tm4c123.o(.text)
    CAN2_Handler                             0x000002e9   Thumb Code     2  startup_tm4c123.o(.text)
    HIB_Handler                              0x000002eb   Thumb Code     2  startup_tm4c123.o(.text)
    USB0_Handler                             0x000002ed   Thumb Code     2  startup_tm4c123.o(.text)
    PWM0_3_Handler                           0x000002ef   Thumb Code     2  startup_tm4c123.o(.text)
    UDMA_Handler                             0x000002f1   Thumb Code     2  startup_tm4c123.o(.text)
    UDMAERR_Handler                          0x000002f3   Thumb Code     2  startup_tm4c123.o(.text)
    ADC1SS0_Handler                          0x000002f5   Thumb Code     2  startup_tm4c123.o(.text)
    ADC1SS1_Handler                          0x000002f7   Thumb Code     2  startup_tm4c123.o(.text)
    ADC1SS2_Handler                          0x000002f9   Thumb Code     2  startup_tm4c123.o(.text)
    ADC1SS3_Handler                          0x000002fb   Thumb Code     2  startup_tm4c123.o(.text)
    GPIOJ_Handler                            0x000002fd   Thumb Code     2  startup_tm4c123.o(.text)
    GPIOK_Handler                            0x000002ff   Thumb Code     2  startup_tm4c123.o(.text)
    GPIOL_Handler                            0x00000301   Thumb Code     2  startup_tm4c123.o(.text)
    SSI2_Handler                             0x00000303   Thumb Code     2  startup_tm4c123.o(.text)
    SSI3_Handler                             0x00000305   Thumb Code     2  startup_tm4c123.o(.text)
    UART3_Handler                            0x00000307   Thumb Code     2  startup_tm4c123.o(.text)
    UART4_Handler                            0x00000309   Thumb Code     2  startup_tm4c123.o(.text)
    UART5_Handler                            0x0000030b   Thumb Code     2  startup_tm4c123.o(.text)
    UART6_Handler                            0x0000030d   Thumb Code     2  startup_tm4c123.o(.text)
    UART7_Handler                            0x0000030f   Thumb Code     2  startup_tm4c123.o(.text)
    I2C2_Handler                             0x00000311   Thumb Code     2  startup_tm4c123.o(.text)
    I2C3_Handler                             0x00000313   Thumb Code     2  startup_tm4c123.o(.text)
    TIMER4A_Handler                          0x00000315   Thumb Code     2  startup_tm4c123.o(.text)
    TIMER4B_Handler                          0x00000317   Thumb Code     2  startup_tm4c123.o(.text)
    TIMER5A_Handler                          0x00000319   Thumb Code     2  startup_tm4c123.o(.text)
    TIMER5B_Handler                          0x0000031b   Thumb Code     2  startup_tm4c123.o(.text)
    WTIMER0A_Handler                         0x0000031d   Thumb Code     2  startup_tm4c123.o(.text)
    WTIMER0B_Handler                         0x0000031f   Thumb Code     2  startup_tm4c123.o(.text)
    WTIMER1A_Handler                         0x00000321   Thumb Code     2  startup_tm4c123.o(.text)
    WTIMER1B_Handler                         0x00000323   Thumb Code     2  startup_tm4c123.o(.text)
    WTIMER2A_Handler                         0x00000325   Thumb Code     2  startup_tm4c123.o(.text)
    WTIMER2B_Handler                         0x00000327   Thumb Code     2  startup_tm4c123.o(.text)
    WTIMER3A_Handler                         0x00000329   Thumb Code     2  startup_tm4c123.o(.text)
    WTIMER3B_Handler                         0x0000032b   Thumb Code     2  startup_tm4c123.o(.text)
    WTIMER4A_Handler                         0x0000032d   Thumb Code     2  startup_tm4c123.o(.text)
    WTIMER4B_Handler                         0x0000032f   Thumb Code     2  startup_tm4c123.o(.text)
    WTIMER5A_Handler                         0x00000331   Thumb Code     2  startup_tm4c123.o(.text)
    WTIMER5B_Handler                         0x00000333   Thumb Code     2  startup_tm4c123.o(.text)
    FPU_Handler                              0x00000335   Thumb Code     2  startup_tm4c123.o(.text)
    I2C4_Handler                             0x00000337   Thumb Code     2  startup_tm4c123.o(.text)
    I2C5_Handler                             0x00000339   Thumb Code     2  startup_tm4c123.o(.text)
    GPIOM_Handler                            0x0000033b   Thumb Code     2  startup_tm4c123.o(.text)
    GPION_Handler                            0x0000033d   Thumb Code     2  startup_tm4c123.o(.text)
    QEI2_Handler                             0x0000033f   Thumb Code     2  startup_tm4c123.o(.text)
    GPIOP0_Handler                           0x00000341   Thumb Code     2  startup_tm4c123.o(.text)
    GPIOP1_Handler                           0x00000343   Thumb Code     2  startup_tm4c123.o(.text)
    GPIOP2_Handler                           0x00000345   Thumb Code     2  startup_tm4c123.o(.text)
    GPIOP3_Handler                           0x00000347   Thumb Code     2  startup_tm4c123.o(.text)
    GPIOP4_Handler                           0x00000349   Thumb Code     2  startup_tm4c123.o(.text)
    GPIOP5_Handler                           0x0000034b   Thumb Code     2  startup_tm4c123.o(.text)
    GPIOP6_Handler                           0x0000034d   Thumb Code     2  startup_tm4c123.o(.text)
    GPIOP7_Handler                           0x0000034f   Thumb Code     2  startup_tm4c123.o(.text)
    GPIOQ0_Handler                           0x00000351   Thumb Code     2  startup_tm4c123.o(.text)
    GPIOQ1_Handler                           0x00000353   Thumb Code     2  startup_tm4c123.o(.text)
    GPIOQ2_Handler                           0x00000355   Thumb Code     2  startup_tm4c123.o(.text)
    GPIOQ3_Handler                           0x00000357   Thumb Code     2  startup_tm4c123.o(.text)
    GPIOQ4_Handler                           0x00000359   Thumb Code     2  startup_tm4c123.o(.text)
    GPIOQ5_Handler                           0x0000035b   Thumb Code     2  startup_tm4c123.o(.text)
    GPIOQ6_Handler                           0x0000035d   Thumb Code     2  startup_tm4c123.o(.text)
    GPIOQ7_Handler                           0x0000035f   Thumb Code     2  startup_tm4c123.o(.text)
    GPIOR_Handler                            0x00000361   Thumb Code     2  startup_tm4c123.o(.text)
    GPIOS_Handler                            0x00000363   Thumb Code     2  startup_tm4c123.o(.text)
    PMW1_0_Handler                           0x00000365   Thumb Code     2  startup_tm4c123.o(.text)
    PWM1_1_Handler                           0x00000367   Thumb Code     2  startup_tm4c123.o(.text)
    PWM1_2_Handler                           0x00000369   Thumb Code     2  startup_tm4c123.o(.text)
    PWM1_3_Handler                           0x0000036b   Thumb Code     2  startup_tm4c123.o(.text)
    PWM1_FAULT_Handler                       0x0000036d   Thumb Code     2  startup_tm4c123.o(.text)
    main                                     0x00000375   Thumb Code   100  main.o(.text)
    GPIOF_Handler                            0x000003d9   Thumb Code    56  main.o(.text)
    GPIOD_Handler                            0x00000411   Thumb Code    28  main.o(.text)
    SW1_Init                                 0x0000044d   Thumb Code   104  switch.o(.text)
    SW2_Init                                 0x000004b5   Thumb Code   104  switch.o(.text)
    SW3_Init                                 0x0000051d   Thumb Code    82  switch.o(.text)
    SW1_Input                                0x0000056f   Thumb Code    10  switch.o(.text)
    SW2_Input                                0x00000579   Thumb Code    10  switch.o(.text)
    SW3_Input                                0x00000583   Thumb Code    10  switch.o(.text)
    System_Init                              0x000005a9   Thumb Code    26  tiva.o(.text)
    microwave_Init                           0x000005cd   Thumb Code     2  microwave.o(.text)
    Time_Display                             0x000005cf   Thumb Code   194  microwave.o(.text)
    Cook_Time                                0x00000691   Thumb Code   162  microwave.o(.text)
    Char_to_int                              0x00000733   Thumb Code     8  microwave.o(.text)
    Int_to_char                              0x0000073b   Thumb Code    42  microwave.o(.text)
    cook_Popcorn                             0x00000765   Thumb Code    40  microwave.o(.text)
    cook_Beef_or_Chicken                     0x0000078d   Thumb Code   416  microwave.o(.text)
    LCD_CMD                                  0x000009b9   Thumb Code    72  lcd.o(.text)
    LCD_Clear_Display                        0x00000a01   Thumb Code    16  lcd.o(.text)
    LCD_Init                                 0x00000a11   Thumb Code   184  lcd.o(.text)
    SetCursorToRight                         0x00000ac9   Thumb Code    26  lcd.o(.text)
    ShiftDisplayLeft                         0x00000ae3   Thumb Code    10  lcd.o(.text)
    LCD_Write                                0x00000aed   Thumb Code    62  lcd.o(.text)
    LCD_String                               0x00000b2b   Thumb Code    30  lcd.o(.text)
    LCD_Array                                0x00000b49   Thumb Code    22  lcd.o(.text)
    keypad_Init                              0x00000b7d   Thumb Code   206  keypad.o(.text)
    KeyScan                                  0x00000c4b   Thumb Code    66  keypad.o(.text)
    buzzer_Init                              0x00000cb1   Thumb Code    82  buzzer.o(.text)
    beep                                     0x00000d03   Thumb Code    16  buzzer.o(.text)
    stop_Beep                                0x00000d13   Thumb Code    16  buzzer.o(.text)
    SysTick_Wait                             0x00000d35   Thumb Code    36  timer.o(.text)
    Systick_Wait_1ms                         0x00000d59   Thumb Code    12  timer.o(.text)
    Systick_Wait_ms                          0x00000d65   Thumb Code    20  timer.o(.text)
    interrupt_Init                           0x00000d79   Thumb Code   156  interrupt.o(.text)
    LED_Init                                 0x00000e21   Thumb Code   106  led.o(.text)
    LED_Clear                                0x00000e8b   Thumb Code    16  led.o(.text)
    RedOn                                    0x00000e9b   Thumb Code    16  led.o(.text)
    BlueOn                                   0x00000eab   Thumb Code    16  led.o(.text)
    GreenOn                                  0x00000ebb   Thumb Code    16  led.o(.text)
    RedToggle                                0x00000ecb   Thumb Code    16  led.o(.text)
    BlueToggle                               0x00000edb   Thumb Code    16  led.o(.text)
    GreenToggle                              0x00000eeb   Thumb Code    16  led.o(.text)
    strlen                                   0x00000f11   Thumb Code    14  strlen.o(.text)
    __aeabi_dadd                             0x00000f1f   Thumb Code   322  dadd.o(.text)
    __aeabi_dsub                             0x00001061   Thumb Code     6  dadd.o(.text)
    __aeabi_drsub                            0x00001067   Thumb Code     6  dadd.o(.text)
    __aeabi_dmul                             0x0000106d   Thumb Code   228  dmul.o(.text)
    __aeabi_i2d                              0x00001151   Thumb Code    34  dflti.o(.text)
    __aeabi_d2iz                             0x00001173   Thumb Code    62  dfixi.o(.text)
    fgetc                                    0x000011b1   Thumb Code     8  fgetc.o(.text)
    __aeabi_llsl                             0x000011b9   Thumb Code    30  llshl.o(.text)
    _ll_shift_l                              0x000011b9   Thumb Code     0  llshl.o(.text)
    __aeabi_llsr                             0x000011d7   Thumb Code    32  llushr.o(.text)
    _ll_ushift_r                             0x000011d7   Thumb Code     0  llushr.o(.text)
    __aeabi_lasr                             0x000011f7   Thumb Code    36  llsshr.o(.text)
    _ll_sshift_r                             0x000011f7   Thumb Code     0  llsshr.o(.text)
    __I$use$fp                               0x0000121b   Thumb Code     0  iusefp.o(.text)
    _double_round                            0x0000121b   Thumb Code    26  depilogue.o(.text)
    _double_epilogue                         0x00001235   Thumb Code   164  depilogue.o(.text)
    __scatterload                            0x000012d9   Thumb Code    28  init.o(.text)
    __scatterload_rt2                        0x000012d9   Thumb Code     0  init.o(.text)
    __I$use$semihosting$fgetc                0x000012fd   Thumb Code     0  iusesemig.o(.text)
    __scatterload_copy                       0x000012fd   Thumb Code    14  handlers.o(i.__scatterload_copy)
    __semihosting_library_function           0x000012fd   Thumb Code     0  semi.o(.text)
    __scatterload_null                       0x0000130b   Thumb Code     2  handlers.o(i.__scatterload_null)
    __scatterload_zeroinit                   0x0000130d   Thumb Code    14  handlers.o(i.__scatterload_zeroinit)
    getc                                     0x0000131b   Thumb Code     4  getc.o(i.getc)
    Region$$Table$$Base                      0x00001320   Number         0  anon$$obj.o(Region$$Table)
    Region$$Table$$Limit                     0x00001340   Number         0  anon$$obj.o(Region$$Table)
    No_kiloes                                0x20000000   Data           1  microwave.o(.data)
    __stdin                                  0x20000014   Data           4  stdin.o(.data)
    __initial_sp                             0x20000218   Data           0  startup_tm4c123.o(STACK)



==============================================================================

Memory Map of the image

  Image Entry point : 0x00000281

  Load Region LR_1 (Base: 0x00000000, Size: 0x00001358, Max: 0xffffffff, ABSOLUTE)

    Execution Region ER_RO (Base: 0x00000000, Size: 0x00001340, Max: 0xffffffff, ABSOLUTE)

    Base Addr    Size         Type   Attr      Idx    E Section Name        Object

    0x00000000   0x0000026c   Data   RO            3    RESET               startup_tm4c123.o
    0x0000026c   0x00000000   Code   RO          188  * .ARM.Collect$$$$00000000  mc_w.l(entry.o)
    0x0000026c   0x00000004   Code   RO          204    .ARM.Collect$$$$00000001  mc_w.l(entry2.o)
    0x00000270   0x00000004   Code   RO          207    .ARM.Collect$$$$00000004  mc_w.l(entry5.o)
    0x00000274   0x00000000   Code   RO          209    .ARM.Collect$$$$00000008  mc_w.l(entry7b.o)
    0x00000274   0x00000000   Code   RO          211    .ARM.Collect$$$$0000000A  mc_w.l(entry8b.o)
    0x00000274   0x00000008   Code   RO          212    .ARM.Collect$$$$0000000B  mc_w.l(entry9a.o)
    0x0000027c   0x00000000   Code   RO          214    .ARM.Collect$$$$0000000D  mc_w.l(entry10a.o)
    0x0000027c   0x00000000   Code   RO          216    .ARM.Collect$$$$0000000F  mc_w.l(entry11a.o)
    0x0000027c   0x00000004   Code   RO          205    .ARM.Collect$$$$00002712  mc_w.l(entry2.o)
    0x00000280   0x000000f4   Code   RO            4  * .text               startup_tm4c123.o
    0x00000374   0x000000d8   Code   RO           10    .text               main.o
    0x0000044c   0x0000015c   Code   RO           62    .text               switch.o
    0x000005a8   0x00000024   Code   RO           74    .text               tiva.o
    0x000005cc   0x000003ec   Code   RO           86    .text               microwave.o
    0x000009b8   0x000001c4   Code   RO          114    .text               lcd.o
    0x00000b7c   0x00000134   Code   RO          126    .text               keypad.o
    0x00000cb0   0x00000084   Code   RO          140    .text               buzzer.o
    0x00000d34   0x00000044   Code   RO          152    .text               timer.o
    0x00000d78   0x000000a8   Code   RO          164    .text               interrupt.o
    0x00000e20   0x000000f0   Code   RO          176    .text               led.o
    0x00000f10   0x0000000e   Code   RO          194    .text               mc_w.l(strlen.o)
    0x00000f1e   0x0000014e   Code   RO          196    .text               mf_w.l(dadd.o)
    0x0000106c   0x000000e4   Code   RO          198    .text               mf_w.l(dmul.o)
    0x00001150   0x00000022   Code   RO          200    .text               mf_w.l(dflti.o)
    0x00001172   0x0000003e   Code   RO          202    .text               mf_w.l(dfixi.o)
    0x000011b0   0x00000008   Code   RO          218    .text               mc_w.l(fgetc.o)
    0x000011b8   0x0000001e   Code   RO          229    .text               mc_w.l(llshl.o)
    0x000011d6   0x00000020   Code   RO          231    .text               mc_w.l(llushr.o)
    0x000011f6   0x00000024   Code   RO          233    .text               mc_w.l(llsshr.o)
    0x0000121a   0x00000000   Code   RO          235    .text               mc_w.l(iusefp.o)
    0x0000121a   0x000000be   Code   RO          236    .text               mf_w.l(depilogue.o)
    0x000012d8   0x00000024   Code   RO          238    .text               mc_w.l(init.o)
    0x000012fc   0x00000000   Code   RO          240    .text               mc_w.l(semi.o)
    0x000012fc   0x00000000   Code   RO          241    .text               mc_w.l(iusesemig.o)
    0x000012fc   0x0000000e   Code   RO          244    i.__scatterload_copy  mc_w.l(handlers.o)
    0x0000130a   0x00000002   Code   RO          245    i.__scatterload_null  mc_w.l(handlers.o)
    0x0000130c   0x0000000e   Code   RO          246    i.__scatterload_zeroinit  mc_w.l(handlers.o)
    0x0000131a   0x00000004   Code   RO          191    i.getc              mc_w.l(getc.o)
    0x0000131e   0x00000002   PAD
    0x00001320   0x00000020   Data   RO          242    Region$$Table       anon$$obj.o


    Execution Region ER_RW (Base: 0x20000000, Size: 0x00000018, Max: 0xffffffff, ABSOLUTE)

    Base Addr    Size         Type   Attr      Idx    E Section Name        Object

    0x20000000   0x00000001   Data   RW           87    .data               microwave.o
    0x20000001   0x00000010   Data   RW          127    .data               keypad.o
    0x20000011   0x00000003   PAD
    0x20000014   0x00000004   Data   RW          193    .data               mc_w.l(stdin.o)


    Execution Region ER_ZI (Base: 0x20000018, Size: 0x00000200, Max: 0xffffffff, ABSOLUTE)

    Base Addr    Size         Type   Attr      Idx    E Section Name        Object

    0x20000018   0x00000200   Zero   RW            1    STACK               startup_tm4c123.o


==============================================================================

Image component sizes


      Code (inc. data)   RO Data    RW Data    ZI Data      Debug   Object Name

       132         18          0          0          0        581   buzzer.o
       168         12          0          0          0        457   interrupt.o
       308         36          0         16          0       1230   keypad.o
       452         30          0          0          0       1638   lcd.o
       240         22          0          0          0       1019   led.o
       216         32          0          0          0       2239   main.o
      1004        140          0          1          0       2662   microwave.o
       244          6        620          0        512       5340   startup_tm4c123.o
       348         28          0          0          0       1075   switch.o
        68          0          0          0          0        868   timer.o
        36         10          0          0          0        394   tiva.o

    ----------------------------------------------------------------------
      3216        334        652         20        512      17503   Object Totals
         0          0         32          0          0          0   (incl. Generated)
         0          0          0          3          0          0   (incl. Padding)

    ----------------------------------------------------------------------

      Code (inc. data)   RO Data    RW Data    ZI Data      Debug   Library Member Name

         0          0          0          0          0          0   entry.o
         0          0          0          0          0          0   entry10a.o
         0          0          0          0          0          0   entry11a.o
         8          4          0          0          0          0   entry2.o
         4          0          0          0          0          0   entry5.o
         0          0          0          0          0          0   entry7b.o
         0          0          0          0          0          0   entry8b.o
         8          4          0          0          0          0   entry9a.o
         8          0          0          0          0         68   fgetc.o
         4          0          0          0          0         68   getc.o
        30          0          0          0          0          0   handlers.o
        36          8          0          0          0         68   init.o
         0          0          0          0          0          0   iusefp.o
         0          0          0          0          0          0   iusesemig.o
        30          0          0          0          0         68   llshl.o
        36          0          0          0          0         68   llsshr.o
        32          0          0          0          0         68   llushr.o
         0          0          0          0          0          0   semi.o
         0          0          0          4          0          0   stdin.o
        14          0          0          0          0         68   strlen.o
       334          0          0          0          0        148   dadd.o
       190          0          0          0          0        176   depilogue.o
        62          0          0          0          0         80   dfixi.o
        34          0          0          0          0         76   dflti.o
       228          0          0          0          0         96   dmul.o

    ----------------------------------------------------------------------
      1060         16          0          4          0       1052   Library Totals
         2          0          0          0          0          0   (incl. Padding)

    ----------------------------------------------------------------------

      Code (inc. data)   RO Data    RW Data    ZI Data      Debug   Library Name

       210         16          0          4          0        476   mc_w.l
       848          0          0          0          0        576   mf_w.l

    ----------------------------------------------------------------------
      1060         16          0          4          0       1052   Library Totals

    ----------------------------------------------------------------------

==============================================================================


      Code (inc. data)   RO Data    RW Data    ZI Data      Debug   

      4276        350        652         24        512      16987   Grand Totals
      4276        350        652         24        512      16987   ELF Image Totals
      4276        350        652         24          0          0   ROM Totals

==============================================================================

    Total RO  Size (Code + RO Data)                 4928 (   4.81kB)
    Total RW  Size (RW Data + ZI Data)               536 (   0.52kB)
    Total ROM Size (Code + RO Data + RW Data)       4952 (   4.84kB)

==============================================================================

